[makemyvcard.com/index.html]
[backblue.gif]
[fade.gif]
[index.html]
[makemyvcard.com/wp-content/uploads/2018/04/digital-business-card-digital-vcard.jpg]
[makemyvcard.com/wp-includes/css/dist/block-library/style.minb1bb.css]
[makemyvcard.com/wp-includes/css/dist/block-library/theme.minb1bb.css]
[makemyvcard.com/wp-content/plugins/bb-plugin/fonts/fontawesome/css/all.min17fd.css]
[makemyvcard.com/feed/index.html]
[makemyvcard.com/wp-content/plugins/bb-plugin/fonts/fontawesome/css/v4-shims.min17fd.css]
[makemyvcard.com/wp-content/uploads/bb-plugin/icons/ultimate-icons/style17fd.css]
[makemyvcard.com/wp-includes/css/dashicons.minb1bb.css]
[makemyvcard.com/comments/feed/index.html]
[makemyvcard.com/wp-content/uploads/bb-plugin/cache/2385-layout1cbe.css]
[makemyvcard.com/wp-content/plugins/contact-form-7/includes/css/stylesc6ac.css]
[makemyvcard.com/wp-content/uploads/bb-plugin/cache/c26b23d49a96cda3f93fbd4658902f71-layout-bundle5734.css]
[makemyvcard.com/wp-content/plugins/bb-plugin/css/jquery.magnificpopup.min17fd.css]
[makemyvcard.com/wp-content/themes/bb-theme/css/bootstrap.min2629.css]
[makemyvcard.com/wp-content/uploads/bb-theme/skin-5ddd166e5fa062629.css]
[makemyvcard.com/wp-includes/js/jquery/jquery4a5f.js]
[makemyvcard.com/wp-includes/js/jquery/jquery-migrate.min330a.js]
[makemyvcard.com/wp-includes/js/imagesloaded.minb1bb.js]
[makemyvcard.com/xmlrpc0db0.php]
[makemyvcard.com/wp-includes/wlwmanifest.xml]
[makemyvcard.com/wp-json/index.html]
[makemyvcard.com/wp-json/oembed/1.0/embed1985.json]
[makemyvcard.com/wp-json/oembed/1.0/embedf198]
[makemyvcard.com/wp-content/uploads/2018/04/cropped-make-my-vcard-icon-150-32x32.png]
[makemyvcard.com/wp-content/uploads/2018/04/cropped-make-my-vcard-icon-150-192x192.png]
[makemyvcard.com/wp-content/uploads/2018/04/cropped-make-my-vcard-icon-150-180x180.png]
[connect.facebook.net/en_US/fbevents.js]
[connect.facebook.net/en_US/sdk/xfbml.customerchat.js]
[makemyvcard.com/wp-content/uploads/2018/04/make-my-vcard.png]
[i.ytimg.com/vi/8JSjZfyEswM/hqdefault.jpg]
[makemyvcard.com/wp-content/uploads/2018/04/interactive-digital-vcard-1.png]
[makemyvcard.com/digital-business-card-features/index.html]
[makemyvcard.com/wp-content/uploads/2018/04/digital-business-card-vcard-templates.png]
[makemyvcard.com/create-digital-business-card-maker-app/index.html]
[makemyvcard.com/wp-content/uploads/2018/04/interactive-digital-vcard.png]
[i.ytimg.com/vi/8JSjZfyEswM/maxresdefault.jpg]
[makemyvcard.com/contact/index.html]
[makemyvcard.com/sample-vcards-and-contact-cards/index.html]
[makemyvcard.com/privacy-policy.html]
[makemyvcard.com/wp-content/plugins/bb-plugin/js/jquery.fitvids.min62ea.js]
[makemyvcard.com/wp-content/plugins/bb-ultimate-addon/modules/modal-popup/js/js_cookieb1bb.js]
[makemyvcard.com/business-card-templates/index.html]
[makemyvcard.com/wp-content/plugins/bb-plugin/js/jquery.waypoints.min17fd.js]
[makemyvcard.com/wp-includes/js/jquery/ui/core.mine899.js]
[makemyvcard.com/personal-vcard-templates/index.html]
[makemyvcard.com/wp-includes/js/jquery/ui/widget.mine899.js]
[makemyvcard.com/wp-includes/js/jquery/ui/mouse.mine899.js]
[makemyvcard.com/wp-includes/js/jquery/ui/draggable.mine899.js]
[makemyvcard.com/white-label-reseller-software/index.html]
[makemyvcard.com/wp-content/uploads/bb-plugin/cache/2385-layout1cbe.js]
[makemyvcard.com/wp-content/plugins/contact-form-7/includes/js/scriptsc6ac.js]
[makemyvcard.com/wp-content/plugins/wpcf7-redirect/js/wpcf7-redirect-script.js]
[makemyvcard.com/wp-content/plugins/bb-plugin/js/jquery.ba-throttle-debounce.min17fd.js]
[makemyvcard.com/wp-content/uploads/bb-plugin/cache/d57ca306944064859c458246e8e5da31-layout-bundle5734.js]
[makemyvcard.com/wp-content/plugins/bb-plugin/js/jquery.magnificpopup.min17fd.js]
[makemyvcard.com/wp-content/themes/bb-theme/js/bootstrap.min2629.js]
[makemyvcard.com/wp-content/themes/bb-theme/js/theme.min2629.js]
[makemyvcard.com/wp-includes/js/wp-embed.minb1bb.js]
[makemyvcard.com/index.html]
[makemyvcard.com/wp-includes/css/dist/block-library/style.minb1bb.css]
[makemyvcard.com/wp-includes/css/dist/block-library/theme.minb1bb.css]
[etc.magnetmarketing.in/mtc.js]
[makemyvcard.com/wp-content/plugins/bb-plugin/fonts/fontawesome/webfonts/fa-brands-400.eot]
[makemyvcard.com/wp-content/plugins/bb-plugin/fonts/fontawesome/webfonts/fa-brands-400.woff2]
[makemyvcard.com/wp-content/plugins/bb-plugin/fonts/fontawesome/webfonts/fa-brands-400d41d.eot]
[makemyvcard.com/wp-content/plugins/bb-plugin/fonts/fontawesome/webfonts/fa-brands-400.woff]
[makemyvcard.com/wp-content/plugins/bb-plugin/fonts/fontawesome/webfonts/fa-brands-400.ttf]
[makemyvcard.com/wp-content/plugins/bb-plugin/fonts/fontawesome/webfonts/fa-brands-400.svg]
[makemyvcard.com/wp-content/plugins/bb-plugin/fonts/fontawesome/webfonts/fa-regular-400.eot]
[makemyvcard.com/wp-content/plugins/bb-plugin/fonts/fontawesome/webfonts/fa-regular-400d41d.eot]
[makemyvcard.com/wp-content/plugins/bb-plugin/fonts/fontawesome/webfonts/fa-regular-400.woff2]
[makemyvcard.com/wp-content/plugins/bb-plugin/fonts/fontawesome/webfonts/fa-regular-400.woff]
[makemyvcard.com/wp-content/plugins/bb-plugin/fonts/fontawesome/webfonts/fa-regular-400.ttf]
[makemyvcard.com/wp-content/plugins/bb-plugin/fonts/fontawesome/webfonts/fa-regular-400.svg]
[makemyvcard.com/wp-content/plugins/bb-plugin/fonts/fontawesome/webfonts/fa-solid-900.eot]
[makemyvcard.com/wp-content/plugins/bb-plugin/fonts/fontawesome/webfonts/fa-solid-900.woff2]
[makemyvcard.com/wp-content/plugins/bb-plugin/fonts/fontawesome/webfonts/fa-solid-900d41d.eot]
[makemyvcard.com/wp-content/plugins/bb-plugin/fonts/fontawesome/webfonts/fa-solid-900.woff]
[makemyvcard.com/wp-content/plugins/bb-plugin/fonts/fontawesome/webfonts/fa-solid-900.ttf]
[makemyvcard.com/wp-content/plugins/bb-plugin/fonts/fontawesome/css/all.min17fd.css]
[makemyvcard.com/wp-content/plugins/bb-plugin/fonts/fontawesome/css/v4-shims.min17fd.css]
[makemyvcard.com/wp-content/uploads/bb-plugin/icons/ultimate-icons/fonts/Ultimate-Iconsc85f.ttf]
[makemyvcard.com/wp-content/plugins/bb-plugin/fonts/fontawesome/webfonts/fa-solid-900.svg]
[makemyvcard.com/wp-content/uploads/bb-plugin/icons/ultimate-icons/fonts/Ultimate-Iconsc85f.woff]
[makemyvcard.com/wp-content/uploads/bb-plugin/icons/ultimate-icons/style17fd.css]
[makemyvcard.com/wp-content/uploads/bb-plugin/icons/ultimate-icons/fonts/Ultimate-Iconsc85f.svg]
[makemyvcard.com/wp-includes/fonts/dashicons2ce6.eot]
[makemyvcard.com/wp-includes/css/dashicons.minb1bb.css]
[makemyvcard.com/wp-includes/fonts/dashicons2ce6.ttf]
[makemyvcard.com/wp-content/uploads/2018/04/digital-vcard-background.jpg]
[makemyvcard.com/wp-content/uploads/bb-plugin/cache/2385-layout1cbe.css]
[makemyvcard.com/wp-content/plugins/contact-form-7/images/ajax-loader.gif]
[makemyvcard.com/wp-content/plugins/contact-form-7/includes/css/stylesc6ac.css]
[makemyvcard.com/wp-content/uploads/bb-plugin/cache/c26b23d49a96cda3f93fbd4658902f71-layout-bundle5734.css]
[makemyvcard.com/wp-content/plugins/bb-plugin/css/jquery.magnificpopup.min17fd.css]
[makemyvcard.com/wp-content/themes/bb-theme/fonts/glyphicons-halflings-regular.eot]
[makemyvcard.com/wp-content/themes/bb-theme/fonts/glyphicons-halflings-regulard41d.eot]
[makemyvcard.com/wp-content/themes/bb-theme/fonts/glyphicons-halflings-regular.woff2]
[makemyvcard.com/wp-content/themes/bb-theme/fonts/glyphicons-halflings-regular.woff]
[makemyvcard.com/wp-content/themes/bb-theme/fonts/glyphicons-halflings-regular.ttf]
[makemyvcard.com/wp-content/themes/bb-theme/fonts/glyphicons-halflings-regular.svg]
[makemyvcard.com/wp-content/themes/bb-theme/css/bootstrap.min2629.css]
[makemyvcard.com/wp-content/uploads/bb-theme/skin-5ddd166e5fa062629.css]
[makemyvcard.com/c]
[makemyvcard.com/b]
[makemyvcard.com/POST]
[connect.facebook.net/en_US/fbevents.js]
[makemyvcard.com/chrome-extension_/index.html]
[makemyvcard.com/restserver.53.delayed]
[makemyvcard.com/^([^_/indexd41d.html]
[makemyvcard.com/GET]
[connect.facebook.net/en_US/sdk/xfbml.customerchat.js]
[makemyvcard.com/ABCDEFGHIJKLMNOPQRSTUVWXYZabcdefghijklmnopqrstuvwxyz0123456789+/index.html]
[makemyvcard.com/wp-content/uploads/2018/04/smart-digital-business-card.jpg]
[makemyvcard.com/wp-content/uploads/bb-plugin/cache/2616-layout08b4.css]
[makemyvcard.com/dialog/index.html]
[makemyvcard.com/wp-json/oembed/1.0/embed7cb7.json]
[makemyvcard.com/indexb208.html]
[makemyvcard.com/wp-json/oembed/1.0/embed4703]
[makemyvcard.com/wp-content/uploads/2018/04/Share-Digital-vCard.jpg]
[makemyvcard.com/wp-content/uploads/2018/04/Share-Digital-vCard230a.mp4]
[makemyvcard.com/wp-content/uploads/2018/04/Share-Digital-vCard.mp4]
[makemyvcard.com/wp-content/uploads/2018/04/Digital-vCard-Click-to-Call-Link.jpg]
[makemyvcard.com/wp-content/uploads/2018/04/Digital-vCard-Click-to-Call-Linke6f8.mp4]
[makemyvcard.com/wp-content/uploads/2018/04/Digital-vCard-Click-to-Call-Link.mp4]
[makemyvcard.com/wp-content/uploads/2018/04/send-whatsapp-without-saving-number.jpg]
[makemyvcard.com/wp-content/uploads/2018/04/send-whatsapp-without-saving-number4640.mp4]
[makemyvcard.com/wp-content/uploads/2018/04/send-whatsapp-without-saving-number.mp4]
[makemyvcard.com/wp-content/uploads/2018/04/lead-contact-form-on-digital-business-vcard.jpg]
[makemyvcard.com/wp-content/uploads/2018/04/lead-contact-form-on-digital-business-vcard3161.mp4]
[makemyvcard.com/wp-content/uploads/2018/04/lead-contact-form-on-digital-business-vcard.mp4]
[makemyvcard.com/wp-content/uploads/2018/04/google-map-navigation-in-digital-vcard.jpg]
[makemyvcard.com/wp-content/uploads/2018/04/google-map-navigation-in-digital-vcardb90e.mp4]
[makemyvcard.com/wp-content/uploads/2018/04/google-map-navigation-in-digital-vcard.mp4]
[makemyvcard.com/wp-content/uploads/2018/04/Save-Contact-to-Phone-Digital-vCard.jpg]
[makemyvcard.com/wp-content/uploads/2018/04/Save-Contact-to-Phone-Digital-vCard5f62.mp4]
[makemyvcard.com/wp-content/uploads/2018/04/Save-Contact-to-Phone-Digital-vCard.mp4]
[makemyvcard.com/wp-content/uploads/2018/04/click-on-email-link-digtial-vcard.jpg]
[makemyvcard.com/wp-content/uploads/2018/04/click-on-email-link-digtial-vcard1884.mp4]
[makemyvcard.com/wp-content/uploads/2018/04/click-on-email-link-digtial-vcard.mp4]
[makemyvcard.com/wp-content/uploads/2018/04/Click-to-Website-digital-business-card-template.jpg]
[makemyvcard.com/wp-content/uploads/2018/04/Click-to-Website-digital-business-card-templatefa5c.mp4]
[makemyvcard.com/wp-content/uploads/2018/04/Click-to-Website-digital-business-card-template.mp4]
[makemyvcard.com/wp-content/uploads/2018/04/business-card-qr-code-generator.jpg]
[makemyvcard.com/wp-content/uploads/2018/04/business-card-qr-codecb89.mp4]
[makemyvcard.com/wp-content/uploads/2018/04/business-card-qr-code.mp4]
[makemyvcard.com/wp-content/uploads/2018/04/share-business-card.jpg]
[makemyvcard.com/wp-content/uploads/2018/04/share-business-cardde89.mp4]
[makemyvcard.com/wp-content/uploads/2018/04/share-business-card.mp4]
[makemyvcard.com/wp-content/uploads/2018/04/share-digital-vcard-on-whatsapp-and-email.jpg]
[makemyvcard.com/wp-content/uploads/2018/04/share-digital-vcard-on-whatsapp-and-email61ea.mp4]
[makemyvcard.com/wp-content/uploads/2018/04/share-digital-vcard-on-whatsapp-and-email.mp4]
[makemyvcard.com/wp-includes/js/mediaelement/mediaelementplayer-legacy.minc270.css]
[makemyvcard.com/wp-includes/js/mediaelement/wp-mediaelement.minb1bb.css]
[makemyvcard.com/wp-content/uploads/bb-plugin/cache/2616-layout08b4.js]
[makemyvcard.com/wp-includes/js/mediaelement/mediaelement-and-player.minc270.js]
[makemyvcard.com/wp-includes/js/mediaelement/mediaelement-migrate.minb1bb.js]
[makemyvcard.com/wp-includes/js/mediaelement/wp-mediaelement.minb1bb.js]
[makemyvcard.com/digital-business-card-features/index.html]
[makemyvcard.com/wp-includes/js/mediaelement/renderers/vimeo.minc270.js]
[makemyvcard.com/wp-content/uploads/2018/12/sample-vcard.png]
[makemyvcard.com/wp-content/uploads/bb-plugin/cache/3442-layoutebf1.css]
[makemyvcard.com/wp-json/oembed/1.0/embed7b22.json]
[makemyvcard.com/index06fe.html]
[makemyvcard.com/wp-json/oembed/1.0/embed785b]
[makemyvcard.com/wp-content/uploads/2018/12/02-sample-business-card-template.png]
[makemyvcard.com/wp-content/uploads/2018/12/03-sample-vcf.png]
[makemyvcard.com/wp-content/uploads/2018/12/05-shareable-vcard.png]
[makemyvcard.com/wp-content/uploads/2018/12/04-clickable-business-vcard.png]
[makemyvcard.com/wp-content/uploads/2018/12/06-whatsapp-share-business-card.png]
[makemyvcard.com/wp-content/uploads/2018/12/07-mobile-optimized-digital-business-card.png]
[makemyvcard.com/wp-content/uploads/2018/12/08-mobile-business-card.png]
[makemyvcard.com/wp-content/uploads/2018/12/09-QR-code-business-card.png]
[makemyvcard.com/wp-content/uploads/2018/12/10-free-business-card.png]
[makemyvcard.com/wp-content/uploads/2018/12/11-sample-vcf.png]
[makemyvcard.com/wp-content/uploads/2018/12/12-stylish-digital-business-card.png]
[makemyvcard.com/wp-content/uploads/2018/12/13-how-to-create-free-digital-business-card.png]
[makemyvcard.com/wp-content/uploads/2018/12/14-smart-digital-business-card.png]
[makemyvcard.com/wp-content/uploads/2018/12/15-professional-business-card.png]
[makemyvcard.com/wp-content/uploads/2018/12/16-professional-business-card.png]
[makemyvcard.com/sample-vcards-and-contact-cards/index.html]
[makemyvcard.com/wp-content/uploads/bb-plugin/cache/3442-layoutebf1.js]
[makemyvcard.com/wp-content/uploads/2018/05/how-to-create-digital-business-card-maker-app.jpg]
[makemyvcard.com/wp-content/uploads/bb-plugin/cache/3055-layout9fbe.css]
[makemyvcard.com/wp-json/oembed/1.0/embed5724.json]
[makemyvcard.com/indexf631.html]
[makemyvcard.com/wp-json/oembed/1.0/embed733b]
[makemyvcard.com/wp-content/uploads/2018/04/make-my-vcard-icon-150.png]
[makemyvcard.com/wp-content/uploads/bb-plugin/cache/3055-layout9fbe.js]
[makemyvcard.com/create-digital-business-card-maker-app/index.html]
[makemyvcard.com/wp-content/uploads/bb-plugin/cache/3027-layout3708.css]
[makemyvcard.com/wp-json/oembed/1.0/embed47b6.json]
[makemyvcard.com/index0c5a.html]
[makemyvcard.com/wp-json/oembed/1.0/embed545a]
[etc.magnetmarketing.in/form/generate.9ebc58.delayed]
[etc.magnetmarketing.in/form/generatebc58.js]
[makemyvcard.com/contact/index.html]
[makemyvcard.com/wp-content/uploads/bb-plugin/cache/3027-layout3708.js]
[makemyvcard.com/wp-content/uploads/2018/04/business-card-templates.jpg]
[makemyvcard.com/wp-content/uploads/bb-plugin/cache/2814-layout82c7.css]
[makemyvcard.com/wp-json/oembed/1.0/embed3394.json]
[makemyvcard.com/index6497.html]
[makemyvcard.com/wp-json/oembed/1.0/embed2f34]
[makemyvcard.com/business-card-templates/index.html]
[makemyvcard.com/wp-content/uploads/bb-plugin/cache/2814-layout82c7.js]
[makemyvcard.com/wp-content/uploads/2018/04/personal-vcard-templates.jpg]
[makemyvcard.com/wp-content/uploads/bb-plugin/cache/2805-layout9cf1.css]
[makemyvcard.com/wp-json/oembed/1.0/embed4b82.json]
[makemyvcard.com/indexb2c1.html]
[makemyvcard.com/wp-json/oembed/1.0/embed11bf]
[makemyvcard.com/wp-content/uploads/2018/09/Digital-vCard-with-Skills.png]
[makemyvcard.com/wp-content/uploads/2018/09/Digital-vCard-with-Achievements.png]
[makemyvcard.com/wp-content/uploads/2018/09/Digital-vCard-with-Testimonials.png]
[makemyvcard.com/wp-content/uploads/2018/09/Digital-vCard-with-Products.png]
[makemyvcard.com/wp-content/uploads/2018/09/Digital-vCard-with-Work-Experience.png]
[makemyvcard.com/wp-content/uploads/2018/09/Digital-vCard-with-Payment-Link.png]
[makemyvcard.com/wp-content/uploads/2018/09/Digital-Profile-Card.png]
[makemyvcard.com/personal-vcard-templates/index.html]
[makemyvcard.com/wp-content/uploads/bb-plugin/cache/2805-layout9cf1.js]
[makemyvcard.com/wp-content/uploads/2018/04/white-label-reseller-softwre-digital-vcard.jpg]
[makemyvcard.com/wp-content/uploads/bb-plugin/cache/2759-layout80a7.css]
[makemyvcard.com/wp-json/oembed/1.0/embed3ef5.json]
[makemyvcard.com/index799a.html]
[makemyvcard.com/wp-json/oembed/1.0/embede034]
[makemyvcard.com/wp-content/uploads/2018/09/digital-business-card-min.jpg]
[etc.magnetmarketing.in/form/generate.b7e27e.delayed]
[etc.magnetmarketing.in/form/generatee27e.js]
[makemyvcard.com/white-label-reseller-software/index.html]
[makemyvcard.com/privacy-policy.html]
[makemyvcard.com/wp-content/uploads/bb-plugin/cache/2759-layout80a7.js]
[makemyvcard.com/wp-content/plugins/bb-plugin/fonts/fontawesome/webfonts/fa-brands-400.svg]
[makemyvcard.com/wp-content/plugins/bb-plugin/fonts/fontawesome/webfonts/fa-regular-400.svg]
[makemyvcard.com/wp-content/plugins/bb-plugin/fonts/fontawesome/webfonts/fa-solid-900.svg]
[makemyvcard.com/wp-content/uploads/bb-plugin/icons/ultimate-icons/fonts/Ultimate-Iconsc85f.svg]
[makemyvcard.com/wp-content/themes/bb-theme/fonts/glyphicons-halflings-regular.html]
[makemyvcard.com/wp-content/themes/bb-theme/fonts/glyphicons-halflings-regulard41d.html]
[makemyvcard.com/wp-content/themes/bb-theme/fonts/glyphicons-halflings-regular-2.html]
[makemyvcard.com/wp-content/themes/bb-theme/fonts/glyphicons-halflings-regular-3.html]
[makemyvcard.com/wp-content/themes/bb-theme/fonts/glyphicons-halflings-regular-4.html]
[makemyvcard.com/wp-content/themes/bb-theme/fonts/glyphicons-halflings-regular-5.html]
[makemyvcard.com/POST.html]
[makemyvcard.com/chrome-extension_/index.html]
[makemyvcard.com/^([^_/indexd41d.html]
[makemyvcard.com/restserver.html]
[makemyvcard.com/ABCDEFGHIJKLMNOPQRSTUVWXYZabcdefghijklmnopqrstuvwxyz0123456789+/index.html]
[makemyvcard.com/GET.html]
[makemyvcard.com/dialog/index.html]
[makemyvcard.com/wp-content/uploads/bb-plugin/cache/2616-layout08b4.css]
[makemyvcard.com/indexb208.html]
[makemyvcard.com/wp-includes/js/mediaelement/mediaelementplayer-legacy.minc270.css]
[makemyvcard.com/wp-includes/js/mediaelement/wp-mediaelement.minb1bb.css]
[makemyvcard.com/wp-content/uploads/bb-plugin/cache/3442-layoutebf1.css]
[makemyvcard.com/index06fe.html]
[makemyvcard.com/wp-content/uploads/bb-plugin/cache/3055-layout9fbe.css]
[makemyvcard.com/indexf631.html]
[makemyvcard.com/wp-content/uploads/bb-plugin/cache/3027-layout3708.css]
[makemyvcard.com/index0c5a.html]
[makemyvcard.com/wp-content/uploads/2018/04/digital-business-card-templates.jpg]
[makemyvcard.com/wp-content/uploads/bb-plugin/cache/2814-layout82c7.css]
[makemyvcard.com/index6497.html]
[makemyvcard.com/wp-content/uploads/bb-plugin/cache/2805-layout9cf1.css]
[makemyvcard.com/indexb2c1.html]
[makemyvcard.com/wp-content/uploads/bb-plugin/cache/2759-layout80a7.css]
[makemyvcard.com/index799a.html]
[makemyvcard.com/wp-includes/js/mediaelement/mejs-controls.svg]
[makemyvcard.com/wp-includes/js/mediaelement/mejs-controls.svg]
